#-----------------------------------------------------------
# Vivado v2020.2 (64-bit)
# SW Build 3064766 on Wed Nov 18 09:12:45 MST 2020
# IP Build 3064653 on Wed Nov 18 14:17:31 MST 2020
# Start of session at: Sun Mar 14 17:40:02 2021
# Process ID: 4440
# Current directory: C:/Users/User/OneDrive - Politecnico di Milano/Documenti/GitHub/prova_finale_reti_logiche/project_reti_logiche/project_reti_logiche.runs/synth_1
# Command line: vivado.exe -log project_reti_logiche.vds -product Vivado -mode batch -messageDb vivado.pb -notrace -source project_reti_logiche.tcl
# Log file: C:/Users/User/OneDrive - Politecnico di Milano/Documenti/GitHub/prova_finale_reti_logiche/project_reti_logiche/project_reti_logiche.runs/synth_1/project_reti_logiche.vds
# Journal file: C:/Users/User/OneDrive - Politecnico di Milano/Documenti/GitHub/prova_finale_reti_logiche/project_reti_logiche/project_reti_logiche.runs/synth_1\vivado.jou
#-----------------------------------------------------------
source project_reti_logiche.tcl -notrace
