Copyright 1986-2020 Xilinx, Inc. All Rights Reserved.
-------------------------------------------------------------------------------------------------
| Tool Version : Vivado v.2020.2 (win64) Build 3064766 Wed Nov 18 09:12:45 MST 2020
| Date         : Wed Mar 17 18:42:03 2021
| Host         : DESKTOP-D7FT5L0 running 64-bit major release  (build 9200)
| Command      : report_control_sets -verbose -file project_reti_logiche_control_sets_placed.rpt
| Design       : project_reti_logiche
| Device       : xc7a200t
-------------------------------------------------------------------------------------------------

Control Set Information

Table of Contents
-----------------
1. Summary
2. Histogram
3. Flip-Flop Distribution
4. Detailed Control Set Information

1. Summary
----------

+----------------------------------------------------------+-------+
|                          Status                          | Count |
+----------------------------------------------------------+-------+
| Total control sets                                       |     6 |
|    Minimum number of control sets                        |     6 |
|    Addition due to synthesis replication                 |     0 |
|    Addition due to physical synthesis replication        |     0 |
| Unused register locations in slices containing registers |    11 |
+----------------------------------------------------------+-------+
* Control sets can be merged at opt_design using control_set_merge or merge_equivalent_drivers
** Run report_qor_suggestions for automated merging and remapping suggestions


2. Histogram
------------

+--------------------+-------+
|       Fanout       | Count |
+--------------------+-------+
| Total control sets |     6 |
| >= 0 to < 4        |     0 |
| >= 4 to < 6        |     0 |
| >= 6 to < 8        |     0 |
| >= 8 to < 10       |     2 |
| >= 10 to < 12      |     0 |
| >= 12 to < 14      |     1 |
| >= 14 to < 16      |     0 |
| >= 16              |     3 |
+--------------------+-------+
* Control sets can be remapped at either synth_design or opt_design


3. Flip-Flop Distribution
-------------------------

+--------------+-----------------------+------------------------+-----------------+--------------+
| Clock Enable | Synchronous Set/Reset | Asynchronous Set/Reset | Total Registers | Total Slices |
+--------------+-----------------------+------------------------+-----------------+--------------+
| No           | No                    | No                     |               0 |            0 |
| No           | No                    | Yes                    |               0 |            0 |
| No           | Yes                   | No                     |               0 |            0 |
| Yes          | No                    | No                     |               0 |            0 |
| Yes          | No                    | Yes                    |              65 |           20 |
| Yes          | Yes                   | No                     |              12 |            5 |
+--------------+-----------------------+------------------------+-----------------+--------------+


4. Detailed Control Set Information
-----------------------------------

+------------------+------------------------------------------+-----------------------------------------+------------------+----------------+--------------+
|   Clock Signal   |               Enable Signal              |             Set/Reset Signal            | Slice Load Count | Bel Load Count | Bels / Slice |
+------------------+------------------------------------------+-----------------------------------------+------------------+----------------+--------------+
|  i_clk_IBUF_BUFG | DATAPATH0/N_COL_REG/E[0]                 | reg_rst                                 |                5 |              8 |         1.60 |
|  i_clk_IBUF_BUFG | shift_mult_load                          | reg_rst                                 |                3 |              9 |         3.00 |
|  i_clk_IBUF_BUFG | DATAPATH0/E[0]                           | i_rst_IBUF                              |                5 |             12 |         2.40 |
|  i_clk_IBUF_BUFG | DATAPATH0/PIXEL_COUNTER/pixel_counter_en | DATAPATH0/PIXEL_COUNTER/data[0]_i_3_n_0 |                4 |             16 |         4.00 |
|  i_clk_IBUF_BUFG | DATAPATH0/SIZE_REG/size_load             | reg_rst                                 |                6 |             16 |         2.67 |
|  i_clk_IBUF_BUFG | DATAPATH0/MAX_VALUE_REG/E[0]             | reg_rst                                 |                2 |             16 |         8.00 |
+------------------+------------------------------------------+-----------------------------------------+------------------+----------------+--------------+


