#-----------------------------------------------------------
# Vivado v2020.2 (64-bit)
# SW Build 3064766 on Wed Nov 18 09:12:45 MST 2020
# IP Build 3064653 on Wed Nov 18 14:17:31 MST 2020
# Start of session at: Sun Mar 14 15:22:17 2021
# Process ID: 12404
# Current directory: C:/Users/andre/Documents/GitHub/PFRL_pizzamiglio_prisciantelli/project_reti_logiche
# Command line: vivado.exe -gui_launcher_event rodinguilauncherevent4260 C:\Users\andre\Documents\GitHub\PFRL_pizzamiglio_prisciantelli\project_reti_logiche\project_reti_logiche.xpr
# Log file: C:/Users/andre/Documents/GitHub/PFRL_pizzamiglio_prisciantelli/project_reti_logiche/vivado.log
# Journal file: C:/Users/andre/Documents/GitHub/PFRL_pizzamiglio_prisciantelli/project_reti_logiche\vivado.jou
#-----------------------------------------------------------
start_gui
open_project C:/Users/andre/Documents/GitHub/PFRL_pizzamiglio_prisciantelli/project_reti_logiche/project_reti_logiche.xpr
update_compile_order -fileset sources_1
launch_simulation
source project_tb.tcl
add_bp {C:/Users/andre/Documents/GitHub/PFRL_pizzamiglio_prisciantelli/project_reti_logiche/project_reti_logiche.srcs/sources_1/new/project_reti_logiche.vhd} 227
relaunch_sim
add_bp {C:/Users/andre/Documents/GitHub/PFRL_pizzamiglio_prisciantelli/project_reti_logiche/project_reti_logiche.srcs/sources_1/new/project_reti_logiche.vhd} 236
remove_bps -file {C:/Users/andre/Documents/GitHub/PFRL_pizzamiglio_prisciantelli/project_reti_logiche/project_reti_logiche.srcs/sources_1/new/project_reti_logiche.vhd} -line 227
run 100 ns
run 100 ns
run 100 ns
run 100 ns
relaunch_sim
add_bp {C:/Users/andre/Documents/GitHub/PFRL_pizzamiglio_prisciantelli/project_reti_logiche/project_reti_logiche.srcs/sources_1/new/project_reti_logiche.vhd} 227
relaunch_sim
add_bp {C:/Users/andre/Documents/GitHub/PFRL_pizzamiglio_prisciantelli/project_reti_logiche/project_reti_logiche.srcs/sources_1/new/project_reti_logiche.vhd} 235
remove_bps -file {C:/Users/andre/Documents/GitHub/PFRL_pizzamiglio_prisciantelli/project_reti_logiche/project_reti_logiche.srcs/sources_1/new/project_reti_logiche.vhd} -line 227
run 100 ns
run 100 ns
run 100 ns
run 100 ns
remove_bps -file {C:/Users/andre/Documents/GitHub/PFRL_pizzamiglio_prisciantelli/project_reti_logiche/project_reti_logiche.srcs/sources_1/new/project_reti_logiche.vhd} -line 235
add_bp {C:/Users/andre/Documents/GitHub/PFRL_pizzamiglio_prisciantelli/project_reti_logiche/project_reti_logiche.srcs/sources_1/new/project_reti_logiche.vhd} 227
relaunch_sim
add_bp {C:/Users/andre/Documents/GitHub/PFRL_pizzamiglio_prisciantelli/project_reti_logiche/project_reti_logiche.srcs/sources_1/new/project_reti_logiche.vhd} 235
remove_bps -file {C:/Users/andre/Documents/GitHub/PFRL_pizzamiglio_prisciantelli/project_reti_logiche/project_reti_logiche.srcs/sources_1/new/project_reti_logiche.vhd} -line 227
run 100 ns
run 100 ns
run 100 ns
run 100 ns
remove_bps -file {C:/Users/andre/Documents/GitHub/PFRL_pizzamiglio_prisciantelli/project_reti_logiche/project_reti_logiche.srcs/sources_1/new/project_reti_logiche.vhd} -line 235
relaunch_sim
relaunch_sim
run 100 ns
run 100 ns
run 100 ns
run 100 ns
run 100 ns
run 100 ns
run 100 ns
run 100 ns
run 100 ns
run 100 ns
run 100 ns
run 100 ns
run 100 ns
run 100 ns
run 100 ns
run 100 ns
run 100 ns
run 100 ns
relaunch_sim
run 100 ns
relaunch_sim
add_bp {C:/Users/andre/Documents/GitHub/PFRL_pizzamiglio_prisciantelli/project_reti_logiche/project_reti_logiche.srcs/sources_1/new/project_reti_logiche.vhd} 235
relaunch_sim
add_bp {C:/Users/andre/Documents/GitHub/PFRL_pizzamiglio_prisciantelli/project_reti_logiche/project_reti_logiche.srcs/sources_1/new/project_reti_logiche.vhd} 237
remove_bps -file {C:/Users/andre/Documents/GitHub/PFRL_pizzamiglio_prisciantelli/project_reti_logiche/project_reti_logiche.srcs/sources_1/new/project_reti_logiche.vhd} -line 235
run 100 ns
run 100 ns
relaunch_sim
add_bp {C:/Users/andre/Documents/GitHub/PFRL_pizzamiglio_prisciantelli/project_reti_logiche/project_reti_logiche.srcs/sources_1/new/project_reti_logiche.vhd} 239
remove_bps -file {C:/Users/andre/Documents/GitHub/PFRL_pizzamiglio_prisciantelli/project_reti_logiche/project_reti_logiche.srcs/sources_1/new/project_reti_logiche.vhd} -line 237
run 100 ns
run 100 ns
relaunch_sim
remove_bps -file {C:/Users/andre/Documents/GitHub/PFRL_pizzamiglio_prisciantelli/project_reti_logiche/project_reti_logiche.srcs/sources_1/new/project_reti_logiche.vhd} -line 239
add_bp {C:/Users/andre/Documents/GitHub/PFRL_pizzamiglio_prisciantelli/project_reti_logiche/project_reti_logiche.srcs/sources_1/new/project_reti_logiche.vhd} 237
relaunch_sim
remove_bps -file {C:/Users/andre/Documents/GitHub/PFRL_pizzamiglio_prisciantelli/project_reti_logiche/project_reti_logiche.srcs/sources_1/new/project_reti_logiche.vhd} -line 237
add_bp {C:/Users/andre/Documents/GitHub/PFRL_pizzamiglio_prisciantelli/project_reti_logiche/project_reti_logiche.srcs/sources_1/new/project_reti_logiche.vhd} 239
run all
add_bp {C:/Users/andre/Documents/GitHub/PFRL_pizzamiglio_prisciantelli/project_reti_logiche/project_reti_logiche.srcs/sources_1/new/project_reti_logiche.vhd} 241
remove_bps -file {C:/Users/andre/Documents/GitHub/PFRL_pizzamiglio_prisciantelli/project_reti_logiche/project_reti_logiche.srcs/sources_1/new/project_reti_logiche.vhd} -line 239
run all
remove_bps -file {C:/Users/andre/Documents/GitHub/PFRL_pizzamiglio_prisciantelli/project_reti_logiche/project_reti_logiche.srcs/sources_1/new/project_reti_logiche.vhd} -line 241
add_bp {C:/Users/andre/Documents/GitHub/PFRL_pizzamiglio_prisciantelli/project_reti_logiche/project_reti_logiche.srcs/sources_1/new/project_reti_logiche.vhd} 245
add_bp {C:/Users/andre/Documents/GitHub/PFRL_pizzamiglio_prisciantelli/project_reti_logiche/project_reti_logiche.srcs/sources_1/new/project_reti_logiche.vhd} 241
remove_bps -file {C:/Users/andre/Documents/GitHub/PFRL_pizzamiglio_prisciantelli/project_reti_logiche/project_reti_logiche.srcs/sources_1/new/project_reti_logiche.vhd} -line 245
relaunch_sim
remove_bps -file {C:/Users/andre/Documents/GitHub/PFRL_pizzamiglio_prisciantelli/project_reti_logiche/project_reti_logiche.srcs/sources_1/new/project_reti_logiche.vhd} -line 241
add_bp {C:/Users/andre/Documents/GitHub/PFRL_pizzamiglio_prisciantelli/project_reti_logiche/project_reti_logiche.srcs/sources_1/new/project_reti_logiche.vhd} 244
run all
remove_bps -file {C:/Users/andre/Documents/GitHub/PFRL_pizzamiglio_prisciantelli/project_reti_logiche/project_reti_logiche.srcs/sources_1/new/project_reti_logiche.vhd} -line 244
add_bp {C:/Users/andre/Documents/GitHub/PFRL_pizzamiglio_prisciantelli/project_reti_logiche/project_reti_logiche.srcs/sources_1/new/project_reti_logiche.vhd} 247
run all
add_bp {C:/Users/andre/Documents/GitHub/PFRL_pizzamiglio_prisciantelli/project_reti_logiche/project_reti_logiche.srcs/sources_1/new/project_reti_logiche.vhd} 254
remove_bps -file {C:/Users/andre/Documents/GitHub/PFRL_pizzamiglio_prisciantelli/project_reti_logiche/project_reti_logiche.srcs/sources_1/new/project_reti_logiche.vhd} -line 247
run all
relaunch_sim
remove_bps -file {C:/Users/andre/Documents/GitHub/PFRL_pizzamiglio_prisciantelli/project_reti_logiche/project_reti_logiche.srcs/sources_1/new/project_reti_logiche.vhd} -line 254
relaunch_sim
add_bp {C:/Users/andre/Documents/GitHub/PFRL_pizzamiglio_prisciantelli/project_reti_logiche/project_reti_logiche.srcs/sources_1/new/project_reti_logiche.vhd} 235
relaunch_sim
add_bp {C:/Users/andre/Documents/GitHub/PFRL_pizzamiglio_prisciantelli/project_reti_logiche/project_reti_logiche.srcs/sources_1/new/project_reti_logiche.vhd} 237
run all
remove_bps -file {C:/Users/andre/Documents/GitHub/PFRL_pizzamiglio_prisciantelli/project_reti_logiche/project_reti_logiche.srcs/sources_1/new/project_reti_logiche.vhd} -line 235
add_bp {C:/Users/andre/Documents/GitHub/PFRL_pizzamiglio_prisciantelli/project_reti_logiche/project_reti_logiche.srcs/sources_1/new/project_reti_logiche.vhd} 239
run all
remove_bps -file {C:/Users/andre/Documents/GitHub/PFRL_pizzamiglio_prisciantelli/project_reti_logiche/project_reti_logiche.srcs/sources_1/new/project_reti_logiche.vhd} -line 237
add_bp {C:/Users/andre/Documents/GitHub/PFRL_pizzamiglio_prisciantelli/project_reti_logiche/project_reti_logiche.srcs/sources_1/new/project_reti_logiche.vhd} 241
run all
add_bp {C:/Users/andre/Documents/GitHub/PFRL_pizzamiglio_prisciantelli/project_reti_logiche/project_reti_logiche.srcs/sources_1/new/project_reti_logiche.vhd} 244
run all
relaunch_sim
relaunch_sim
remove_bps -file {C:/Users/andre/Documents/GitHub/PFRL_pizzamiglio_prisciantelli/project_reti_logiche/project_reti_logiche.srcs/sources_1/new/project_reti_logiche.vhd} -line 239
relaunch_sim
add_bp {C:/Users/andre/Documents/GitHub/PFRL_pizzamiglio_prisciantelli/project_reti_logiche/project_reti_logiche.srcs/sources_1/new/project_reti_logiche.vhd} 239
relaunch_sim
add_bp {C:/Users/andre/Documents/GitHub/PFRL_pizzamiglio_prisciantelli/project_reti_logiche/project_reti_logiche.srcs/sources_1/new/project_reti_logiche.vhd} 241
run all
add_bp {C:/Users/andre/Documents/GitHub/PFRL_pizzamiglio_prisciantelli/project_reti_logiche/project_reti_logiche.srcs/sources_1/new/project_reti_logiche.vhd} 244
run all
add_bp {C:/Users/andre/Documents/GitHub/PFRL_pizzamiglio_prisciantelli/project_reti_logiche/project_reti_logiche.srcs/sources_1/new/project_reti_logiche.vhd} 247
run all
add_bp {C:/Users/andre/Documents/GitHub/PFRL_pizzamiglio_prisciantelli/project_reti_logiche/project_reti_logiche.srcs/sources_1/new/project_reti_logiche.vhd} 254
run all
remove_bps -file {C:/Users/andre/Documents/GitHub/PFRL_pizzamiglio_prisciantelli/project_reti_logiche/project_reti_logiche.srcs/sources_1/new/project_reti_logiche.vhd} -line 247
remove_bps -file {C:/Users/andre/Documents/GitHub/PFRL_pizzamiglio_prisciantelli/project_reti_logiche/project_reti_logiche.srcs/sources_1/new/project_reti_logiche.vhd} -line 244
remove_bps -file {C:/Users/andre/Documents/GitHub/PFRL_pizzamiglio_prisciantelli/project_reti_logiche/project_reti_logiche.srcs/sources_1/new/project_reti_logiche.vhd} -line 241
remove_bps -file {C:/Users/andre/Documents/GitHub/PFRL_pizzamiglio_prisciantelli/project_reti_logiche/project_reti_logiche.srcs/sources_1/new/project_reti_logiche.vhd} -line 254
relaunch_sim
add_bp {C:/Users/andre/Documents/GitHub/PFRL_pizzamiglio_prisciantelli/project_reti_logiche/project_reti_logiche.srcs/sources_1/new/project_reti_logiche.vhd} 241
run all
add_bp {C:/Users/andre/Documents/GitHub/PFRL_pizzamiglio_prisciantelli/project_reti_logiche/project_reti_logiche.srcs/sources_1/new/project_reti_logiche.vhd} 244
run all
add_bp {C:/Users/andre/Documents/GitHub/PFRL_pizzamiglio_prisciantelli/project_reti_logiche/project_reti_logiche.srcs/sources_1/new/project_reti_logiche.vhd} 247
run all
run all
relaunch_sim
remove_bps -file {C:/Users/andre/Documents/GitHub/PFRL_pizzamiglio_prisciantelli/project_reti_logiche/project_reti_logiche.srcs/sources_1/new/project_reti_logiche.vhd} -line 239
relaunch_sim
add_bp {C:/Users/andre/Documents/GitHub/PFRL_pizzamiglio_prisciantelli/project_reti_logiche/project_reti_logiche.srcs/sources_1/new/project_reti_logiche.vhd} 235
relaunch_sim
add_bp {C:/Users/andre/Documents/GitHub/PFRL_pizzamiglio_prisciantelli/project_reti_logiche/project_reti_logiche.srcs/sources_1/new/project_reti_logiche.vhd} 239
run all
add_bp {C:/Users/andre/Documents/GitHub/PFRL_pizzamiglio_prisciantelli/project_reti_logiche/project_reti_logiche.srcs/sources_1/new/project_reti_logiche.vhd} 244
run all
remove_bps -file {C:/Users/andre/Documents/GitHub/PFRL_pizzamiglio_prisciantelli/project_reti_logiche/project_reti_logiche.srcs/sources_1/new/project_reti_logiche.vhd} -line 244
remove_bps -file {C:/Users/andre/Documents/GitHub/PFRL_pizzamiglio_prisciantelli/project_reti_logiche/project_reti_logiche.srcs/sources_1/new/project_reti_logiche.vhd} -line 239
remove_bps -file {C:/Users/andre/Documents/GitHub/PFRL_pizzamiglio_prisciantelli/project_reti_logiche/project_reti_logiche.srcs/sources_1/new/project_reti_logiche.vhd} -line 235
add_bp {C:/Users/andre/Documents/GitHub/PFRL_pizzamiglio_prisciantelli/project_reti_logiche/project_reti_logiche.srcs/sources_1/new/project_reti_logiche.vhd} 235
relaunch_sim
add_bp {C:/Users/andre/Documents/GitHub/PFRL_pizzamiglio_prisciantelli/project_reti_logiche/project_reti_logiche.srcs/sources_1/new/project_reti_logiche.vhd} 239
run all
add_bp {C:/Users/andre/Documents/GitHub/PFRL_pizzamiglio_prisciantelli/project_reti_logiche/project_reti_logiche.srcs/sources_1/new/project_reti_logiche.vhd} 244
run all
add_bp {C:/Users/andre/Documents/GitHub/PFRL_pizzamiglio_prisciantelli/project_reti_logiche/project_reti_logiche.srcs/sources_1/new/project_reti_logiche.vhd} 249
run all
add_bp {C:/Users/andre/Documents/GitHub/PFRL_pizzamiglio_prisciantelli/project_reti_logiche/project_reti_logiche.srcs/sources_1/new/project_reti_logiche.vhd} 255
run all
add_bp {C:/Users/andre/Documents/GitHub/PFRL_pizzamiglio_prisciantelli/project_reti_logiche/project_reti_logiche.srcs/sources_1/new/project_reti_logiche.vhd} 258
run all
add_bp {C:/Users/andre/Documents/GitHub/PFRL_pizzamiglio_prisciantelli/project_reti_logiche/project_reti_logiche.srcs/sources_1/new/project_reti_logiche.vhd} 265
run all
remove_bps -file {C:/Users/andre/Documents/GitHub/PFRL_pizzamiglio_prisciantelli/project_reti_logiche/project_reti_logiche.srcs/sources_1/new/project_reti_logiche.vhd} -line 265
remove_bps -file {C:/Users/andre/Documents/GitHub/PFRL_pizzamiglio_prisciantelli/project_reti_logiche/project_reti_logiche.srcs/sources_1/new/project_reti_logiche.vhd} -line 258
remove_bps -file {C:/Users/andre/Documents/GitHub/PFRL_pizzamiglio_prisciantelli/project_reti_logiche/project_reti_logiche.srcs/sources_1/new/project_reti_logiche.vhd} -line 255
remove_bps -file {C:/Users/andre/Documents/GitHub/PFRL_pizzamiglio_prisciantelli/project_reti_logiche/project_reti_logiche.srcs/sources_1/new/project_reti_logiche.vhd} -line 249
remove_bps -file {C:/Users/andre/Documents/GitHub/PFRL_pizzamiglio_prisciantelli/project_reti_logiche/project_reti_logiche.srcs/sources_1/new/project_reti_logiche.vhd} -line 244
remove_bps -file {C:/Users/andre/Documents/GitHub/PFRL_pizzamiglio_prisciantelli/project_reti_logiche/project_reti_logiche.srcs/sources_1/new/project_reti_logiche.vhd} -line 239
relaunch_sim
relaunch_sim
relaunch_sim
remove_bps -file {C:/Users/andre/Documents/GitHub/PFRL_pizzamiglio_prisciantelli/project_reti_logiche/project_reti_logiche.srcs/sources_1/new/project_reti_logiche.vhd} -line 235
relaunch_sim
update_compile_order -fileset sources_1
