#-----------------------------------------------------------
# Vivado v2020.2 (64-bit)
# SW Build 3064766 on Wed Nov 18 09:12:45 MST 2020
# IP Build 3064653 on Wed Nov 18 14:17:31 MST 2020
# Start of session at: Mon Mar 15 17:53:23 2021
# Process ID: 8892
# Current directory: C:/Users/andre/Documents/GitHub/PFRL_pizzamiglio_prisciantelli/project_reti_logiche
# Command line: vivado.exe -gui_launcher_event rodinguilauncherevent19124 C:\Users\andre\Documents\GitHub\PFRL_pizzamiglio_prisciantelli\project_reti_logiche\project_reti_logiche.xpr
# Log file: C:/Users/andre/Documents/GitHub/PFRL_pizzamiglio_prisciantelli/project_reti_logiche/vivado.log
# Journal file: C:/Users/andre/Documents/GitHub/PFRL_pizzamiglio_prisciantelli/project_reti_logiche\vivado.jou
#-----------------------------------------------------------
start_gui
open_project C:/Users/andre/Documents/GitHub/PFRL_pizzamiglio_prisciantelli/project_reti_logiche/project_reti_logiche.xpr
update_compile_order -fileset sources_1
open_run impl_1
launch_simulation
open_wave_config C:/Users/andre/Documents/GitHub/PFRL_pizzamiglio_prisciantelli/project_reti_logiche/project_tb_func_synth.wcfg
open_wave_config C:/Users/andre/Documents/GitHub/PFRL_pizzamiglio_prisciantelli/project_reti_logiche/project_tb_behav.wcfg
source project_tb.tcl
run all
close_sim
